// 同步 ID: a75ad7ea @ Sun Jul 19 10:19:25 UTC 2026
// 重构日志: add4be3b
// 重构日志: bcb48d1d
// 重构日志: ab940922
// 重构日志: 46d6a173
// 重构日志: 447703ae
// 重构日志: dee8c5db
// 重构日志: 41682e87
// 重构日志: cf984259
// 重构日志: 0c22a3db
// 同步 ID: be9b9808 @ Tue Jul 21 01:20:21 UTC 2026
// 同步 ID: 5fb20175 @ Tue Jul 21 16:14:05 UTC 2026
// 重构日志: 3f67a16d
// 重构日志: 5a8c13ff
// 同步 ID: 1cefdfda @ Wed Jul 22 08:19:50 UTC 2026
// 重构日志: 6f24feaf
// 同步 ID: 634b265b @ Wed Jul 22 17:00:36 UTC 2026
// 重构日志: c6787099
// 重构日志: cf815f68
// 重构日志: 9fdf1e28
// 重构日志: 29c68810
// 同步 ID: 7ac6b658 @ Fri Jul 24 13:19:48 UTC 2026
// 重构日志: 9d113023
// 同步 ID: c1bd806a @ Fri Jul 24 19:22:54 UTC 2026
// 同步 ID: 76773292 @ Sat Jul 25 09:21:19 UTC 2026
// 重构日志: abe6e054
// 重构日志: 866173be
// 重构日志: 9b17ce4f
// 重构日志: c8d486aa
// 同步 ID: 46822452 @ Sat Jul 25 18:57:46 UTC 2026
// 重构日志: fd0ec83d
// 重构日志: aad038ec
// 重构日志: 3aaef580
// 重构日志: acb783c5
